Archive member included to satisfy reference by file (symbol)

C:/ST/STM32CubeIDE_1.12.0/STM32CubeIDE/plugins/com.st.stm32cube.ide.mcu.externaltools.gnu-tools-for-stm32.11.3.rel1.win32_1.1.1.202309131626/tools/bin/../lib/gcc/arm-none-eabi/11.3.1/../../../../arm-none-eabi/lib/thumb/v7e-m+fp/hard\libc_nano.a(libc_a-exit.o)
                              C:/ST/STM32CubeIDE_1.12.0/STM32CubeIDE/plugins/com.st.stm32cube.ide.mcu.externaltools.gnu-tools-for-stm32.11.3.rel1.win32_1.1.1.202309131626/tools/bin/../lib/gcc/arm-none-eabi/11.3.1/../../../../arm-none-eabi/lib/thumb/v7e-m+fp/hard/crt0.o (exit)
C:/ST/STM32CubeIDE_1.12.0/STM32CubeIDE/plugins/com.st.stm32cube.ide.mcu.externaltools.gnu-tools-for-stm32.11.3.rel1.win32_1.1.1.202309131626/tools/bin/../lib/gcc/arm-none-eabi/11.3.1/../../../../arm-none-eabi/lib/thumb/v7e-m+fp/hard\libc_nano.a(libc_a-findfp.o)
                              C:/ST/STM32CubeIDE_1.12.0/STM32CubeIDE/plugins/com.st.stm32cube.ide.mcu.externaltools.gnu-tools-for-stm32.11.3.rel1.win32_1.1.1.202309131626/tools/bin/../lib/gcc/arm-none-eabi/11.3.1/../../../../arm-none-eabi/lib/thumb/v7e-m+fp/hard\libc_nano.a(libc_a-exit.o) (__stdio_exit_handler)
C:/ST/STM32CubeIDE_1.12.0/STM32CubeIDE/plugins/com.st.stm32cube.ide.mcu.externaltools.gnu-tools-for-stm32.11.3.rel1.win32_1.1.1.202309131626/tools/bin/../lib/gcc/arm-none-eabi/11.3.1/../../../../arm-none-eabi/lib/thumb/v7e-m+fp/hard\libc_nano.a(libc_a-fwalk.o)
                              C:/ST/STM32CubeIDE_1.12.0/STM32CubeIDE/plugins/com.st.stm32cube.ide.mcu.externaltools.gnu-tools-for-stm32.11.3.rel1.win32_1.1.1.202309131626/tools/bin/../lib/gcc/arm-none-eabi/11.3.1/../../../../arm-none-eabi/lib/thumb/v7e-m+fp/hard\libc_nano.a(libc_a-findfp.o) (_fwalk_sglue)
C:/ST/STM32CubeIDE_1.12.0/STM32CubeIDE/plugins/com.st.stm32cube.ide.mcu.externaltools.gnu-tools-for-stm32.11.3.rel1.win32_1.1.1.202309131626/tools/bin/../lib/gcc/arm-none-eabi/11.3.1/../../../../arm-none-eabi/lib/thumb/v7e-m+fp/hard\libc_nano.a(libc_a-stdio.o)
                              C:/ST/STM32CubeIDE_1.12.0/STM32CubeIDE/plugins/com.st.stm32cube.ide.mcu.externaltools.gnu-tools-for-stm32.11.3.rel1.win32_1.1.1.202309131626/tools/bin/../lib/gcc/arm-none-eabi/11.3.1/../../../../arm-none-eabi/lib/thumb/v7e-m+fp/hard\libc_nano.a(libc_a-findfp.o) (__sread)
C:/ST/STM32CubeIDE_1.12.0/STM32CubeIDE/plugins/com.st.stm32cube.ide.mcu.externaltools.gnu-tools-for-stm32.11.3.rel1.win32_1.1.1.202309131626/tools/bin/../lib/gcc/arm-none-eabi/11.3.1/../../../../arm-none-eabi/lib/thumb/v7e-m+fp/hard\libc_nano.a(libc_a-memset.o)
                              C:/ST/STM32CubeIDE_1.12.0/STM32CubeIDE/plugins/com.st.stm32cube.ide.mcu.externaltools.gnu-tools-for-stm32.11.3.rel1.win32_1.1.1.202309131626/tools/bin/../lib/gcc/arm-none-eabi/11.3.1/../../../../arm-none-eabi/lib/thumb/v7e-m+fp/hard/crt0.o (memset)
C:/ST/STM32CubeIDE_1.12.0/STM32CubeIDE/plugins/com.st.stm32cube.ide.mcu.externaltools.gnu-tools-for-stm32.11.3.rel1.win32_1.1.1.202309131626/tools/bin/../lib/gcc/arm-none-eabi/11.3.1/../../../../arm-none-eabi/lib/thumb/v7e-m+fp/hard\libc_nano.a(libc_a-closer.o)
                              C:/ST/STM32CubeIDE_1.12.0/STM32CubeIDE/plugins/com.st.stm32cube.ide.mcu.externaltools.gnu-tools-for-stm32.11.3.rel1.win32_1.1.1.202309131626/tools/bin/../lib/gcc/arm-none-eabi/11.3.1/../../../../arm-none-eabi/lib/thumb/v7e-m+fp/hard\libc_nano.a(libc_a-stdio.o) (_close_r)
C:/ST/STM32CubeIDE_1.12.0/STM32CubeIDE/plugins/com.st.stm32cube.ide.mcu.externaltools.gnu-tools-for-stm32.11.3.rel1.win32_1.1.1.202309131626/tools/bin/../lib/gcc/arm-none-eabi/11.3.1/../../../../arm-none-eabi/lib/thumb/v7e-m+fp/hard\libc_nano.a(libc_a-reent.o)
                              C:/ST/STM32CubeIDE_1.12.0/STM32CubeIDE/plugins/com.st.stm32cube.ide.mcu.externaltools.gnu-tools-for-stm32.11.3.rel1.win32_1.1.1.202309131626/tools/bin/../lib/gcc/arm-none-eabi/11.3.1/../../../../arm-none-eabi/lib/thumb/v7e-m+fp/hard\libc_nano.a(libc_a-closer.o) (errno)
C:/ST/STM32CubeIDE_1.12.0/STM32CubeIDE/plugins/com.st.stm32cube.ide.mcu.externaltools.gnu-tools-for-stm32.11.3.rel1.win32_1.1.1.202309131626/tools/bin/../lib/gcc/arm-none-eabi/11.3.1/../../../../arm-none-eabi/lib/thumb/v7e-m+fp/hard\libc_nano.a(libc_a-impure.o)
                              C:/ST/STM32CubeIDE_1.12.0/STM32CubeIDE/plugins/com.st.stm32cube.ide.mcu.externaltools.gnu-tools-for-stm32.11.3.rel1.win32_1.1.1.202309131626/tools/bin/../lib/gcc/arm-none-eabi/11.3.1/../../../../arm-none-eabi/lib/thumb/v7e-m+fp/hard\libc_nano.a(libc_a-reent.o) (_impure_ptr)
C:/ST/STM32CubeIDE_1.12.0/STM32CubeIDE/plugins/com.st.stm32cube.ide.mcu.externaltools.gnu-tools-for-stm32.11.3.rel1.win32_1.1.1.202309131626/tools/bin/../lib/gcc/arm-none-eabi/11.3.1/../../../../arm-none-eabi/lib/thumb/v7e-m+fp/hard\libc_nano.a(libc_a-lseekr.o)
[...]
Memory Configuration

Name             Origin             Length             Attributes
RAM              0x0000000020000000 0x0000000000020000 xrw
FLASH            0x0000000008000000 0x0000000000008000 xr
*default*        0x0000000000000000 0xffffffffffffffff

Linker script and memory map

LOAD C:/ST/STM32CubeIDE_1.12.0/STM32CubeIDE/plugins/com.st.stm32cube.ide.mcu.externaltools.gnu-tools-for-stm32.11.3.rel1.win32_1.1.1.202309131626/tools/bin/../lib/gcc/arm-none-eabi/11.3.1/thumb/v7e-m+fp/hard/crti.o
LOAD C:/ST/STM32CubeIDE_1.12.0/STM32CubeIDE/plugins/com.st.stm32cube.ide.mcu.externaltools.gnu-tools-for-stm32.11.3.rel1.win32_1.1.1.202309131626/tools/bin/../lib/gcc/arm-none-eabi/11.3.1/thumb/v7e-m+fp/hard/crtbegin.o
LOAD C:/ST/STM32CubeIDE_1.12.0/STM32CubeIDE/plugins/com.st.stm32cube.ide.mcu.externaltools.gnu-tools-for-stm32.11.3.rel1.win32_1.1.1.202309131626/tools/bin/../lib/gcc/arm-none-eabi/11.3.1/../../../../arm-none-eabi/lib/thumb/v7e-m+fp/hard/crt0.o
LOAD ./Core/Src/BL.o
LOAD ./Core/Src/main.o
LOAD ./Core/Src/stm32f4xx_hal_msp.o
LOAD ./Core/Src/stm32f4xx_it.o
LOAD ./Core/Src/syscalls.o
LOAD ./Core/Src/sysmem.o
LOAD ./Core/Src/system_stm32f4xx.o
LOAD ./Core/Startup/startup_stm32f446retx.o
LOAD ./Drivers/STM32F4xx_HAL_Driver/Src/stm32f4xx_hal.o
LOAD ./Drivers/STM32F4xx_HAL_Driver/Src/stm32f4xx_hal_cortex.o
LOAD ./Drivers/STM32F4xx_HAL_Driver/Src/stm32f4xx_hal_crc.o
LOAD ./Drivers/STM32F4xx_HAL_Driver/Src/stm32f4xx_hal_dma.o
LOAD ./Drivers/STM32F4xx_HAL_Driver/Src/stm32f4xx_hal_dma_ex.o
LOAD ./Drivers/STM32F4xx_HAL_Driver/Src/stm32f4xx_hal_exti.o
LOAD ./Drivers/STM32F4xx_HAL_Driver/Src/stm32f4xx_hal_flash.o
LOAD ./Drivers/STM32F4xx_HAL_Driver/Src/stm32f4xx_hal_flash_ex.o
LOAD ./Drivers/STM32F4xx_HAL_Driver/Src/stm32f4xx_hal_flash_ramfunc.o
LOAD ./Drivers/STM32F4xx_HAL_Driver/Src/stm32f4xx_hal_gpio.o
LOAD ./Drivers/STM32F4xx_HAL_Driver/Src/stm32f4xx_hal_pwr.o
LOAD ./Drivers/STM32F4xx_HAL_Driver/Src/stm32f4xx_hal_pwr_ex.o
LOAD ./Drivers/STM32F4xx_HAL_Driver/Src/stm32f4xx_hal_rcc.o
LOAD ./Drivers/STM32F4xx_HAL_Driver/Src/stm32f4xx_hal_rcc_ex.o
LOAD ./Drivers/STM32F4xx_HAL_Driver/Src/stm32f4xx_hal_tim.o
LOAD ./Drivers/STM32F4xx_HAL_Driver/Src/stm32f4xx_hal_tim_ex.o
LOAD ./Drivers/STM32F4xx_HAL_Driver/Src/stm32f4xx_hal_uart.o
START GROUP
LOAD C:/ST/STM32CubeIDE_1.12.0/STM32CubeIDE/plugins/com.st.stm32cube.ide.mcu.externaltools.gnu-tools-for-stm32.11.3.rel1.win32_1.1.1.202309131626/tools/bin/../lib/gcc/arm-none-eabi/11.3.1/../../../../arm-none-eabi/lib/thumb/v7e-m+fp/hard\libc_nano.a
LOAD C:/ST/STM32CubeIDE_1.12.0/STM32CubeIDE/plugins/com.st.stm32cube.ide.mcu.externaltools.gnu-tools-for-stm32.11.3.rel1.win32_1.1.1.202309131626/tools/bin/../lib/gcc/arm-none-eabi/11.3.1/../../../../arm-none-eabi/lib/thumb/v7e-m+fp/hard\libm.a
END GROUP
START GROUP
LOAD C:/ST/STM32CubeIDE_1.12.0/STM32CubeIDE/plugins/com.st.stm32cube.ide.mcu.externaltools.gnu-tools-for-stm32.11.3.rel1.win32_1.1.1.202309131626/tools/bin/../lib/gcc/arm-none-eabi/11.3.1/thumb/v7e-m+fp/hard\libgcc.a
LOAD C:/ST/STM32CubeIDE_1.12.0/STM32CubeIDE/plugins/com.st.stm32cube.ide.mcu.externaltools.gnu-tools-for-stm32.11.3.rel1.win32_1.1.1.202309131626/tools/bin/../lib/gcc/arm-none-eabi/11.3.1/../../../../arm-none-eabi/lib/thumb/v7e-m+fp/hard\libc_nano.a
END GROUP
START GROUP
LOAD C:/ST/STM32CubeIDE_1.12.0/STM32CubeIDE/plugins/com.st.stm32cube.ide.mcu.externaltools.gnu-tools-for-stm32.11.3.rel1.win32_1.1.1.202309131626/tools/bin/../lib/gcc/arm-none-eabi/11.3.1/thumb/v7e-m+fp/hard\libgcc.a
LOAD C:/ST/STM32CubeIDE_1.12.0/STM32CubeIDE/plugins/com.st.stm32cube.ide.mcu.externaltools.gnu-tools-for-stm32.11.3.rel1.win32_1.1.1.202309131626/tools/bin/../lib/gcc/arm-none-eabi/11.3.1/../../../../arm-none-eabi/lib/thumb/v7e-m+fp/hard\libc_nano.a
LOAD C:/ST/STM32CubeIDE_1.12.0/STM32CubeIDE/plugins/com.st.stm32cube.ide.mcu.externaltools.gnu-tools-for-stm32.11.3.rel1.win32_1.1.1.202309131626/tools/bin/../lib/gcc/arm-none-eabi/11.3.1/../../../../arm-none-eabi/lib/thumb/v7e-m+fp/hard\libnosys.a
END GROUP
START GROUP
LOAD C:/ST/STM32CubeIDE_1.12.0/STM32CubeIDE/plugins/com.st.stm32cube.ide.mcu.externaltools.gnu-tools-for-stm32.11.3.rel1.win32_1.1.1.202309131626/tools/bin/../lib/gcc/arm-none-eabi/11.3.1/thumb/v7e-m+fp/hard\libgcc.a
LOAD C:/ST/STM32CubeIDE_1.12.0/STM32CubeIDE/plugins/com.st.stm32cube.ide.mcu.externaltools.gnu-tools-for-stm32.11.3.rel1.win32_1.1.1.202309131626/tools/bin/../lib/gcc/arm-none-eabi/11.3.1/../../../../arm-none-eabi/lib/thumb/v7e-m+fp/hard\libc_nano.a
LOAD C:/ST/STM32CubeIDE_1.12.0/STM32CubeIDE/plugins/com.st.stm32cube.ide.mcu.externaltools.gnu-tools-for-stm32.11.3.rel1.win32_1.1.1.202309131626/tools/bin/../lib/gcc/arm-none-eabi/11.3.1/../../../../arm-none-eabi/lib/thumb/v7e-m+fp/hard\libnosys.a
END GROUP
LOAD C:/ST/STM32CubeIDE_1.12.0/STM32CubeIDE/plugins/com.st.stm32cube.ide.mcu.externaltools.gnu-tools-for-stm32.11.3.rel1.win32_1.1.1.202309131626/tools/bin/../lib/gcc/arm-none-eabi/11.3.1/thumb/v7e-m+fp/hard/crtend.o
LOAD C:/ST/STM32CubeIDE_1.12.0/STM32CubeIDE/plugins/com.st.stm32cube.ide.mcu.externaltools.gnu-tools-for-stm32.11.3.rel1.win32_1.1.1.202309131626/tools/bin/../lib/gcc/arm-none-eabi/11.3.1/thumb/v7e-m+fp/hard/crtn.o
                0x0000000020020000                _estack = (ORIGIN (RAM) + LENGTH (RAM))
                0x0000000000000200                _Min_Heap_Size = 0x200
                0x0000000000000400                _Min_Stack_Size = 0x400

.isr_vector     0x0000000008000000      0x1c4
                0x0000000008000000                . = ALIGN (0x4)
 *(.isr_vector)
 .isr_vector    0x0000000008000000      0x1c4 ./Core/Startup/startup_stm32f446retx.o
                0x0000000008000000                g_pfnVectors
                0x00000000080001c4                . = ALIGN (0x4)

.text           0x00000000080001c4     0x339c
                0x00000000080001c4                . = ALIGN (0x4)
 *(.text)
 .text          0x00000000080001c4       0x40 C:/ST/STM32CubeIDE_1.12.0/STM32CubeIDE/plugins/com.st.stm32cube.ide.mcu.externaltools.gnu-tools-for-stm32.11.3.rel1.win32_1.1.1.202309131626/tools/bin/../lib/gcc/arm-none-eabi/11.3.1/thumb/v7e-m+fp/hard/crtbegin.o
 .text          0x0000000008000204       0x30 C:/ST/STM32CubeIDE_1.12.0/STM32CubeIDE/plugins/com.st.stm32cube.ide.mcu.externaltools.gnu-tools-for-stm32.11.3.rel1.win32_1.1.1.202309131626/tools/bin/../lib/gcc/arm-none-eabi/11.3.1/thumb/v7e-m+fp/hard\libgcc.a(_aeabi_uldivmod.o)
                0x0000000008000204                __aeabi_uldivmod
 .text          0x0000000008000234      0x2c8 C:/ST/STM32CubeIDE_1.12.0/STM32CubeIDE/plugins/com.st.stm32cube.ide.mcu.externaltools.gnu-tools-for-stm32.11.3.rel1.win32_1.1.1.202309131626/tools/bin/../lib/gcc/arm-none-eabi/11.3.1/thumb/v7e-m+fp/hard\libgcc.a(_udivmoddi4.o)
                0x0000000008000234                __udivmoddi4
 .text          0x00000000080004fc        0x4 C:/ST/STM32CubeIDE_1.12.0/STM32CubeIDE/plugins/com.st.stm32cube.ide.mcu.externaltools.gnu-tools-for-stm32.11.3.rel1.win32_1.1.1.202309131626/tools/bin/../lib/gcc/arm-none-eabi/11.3.1/thumb/v7e-m+fp/hard\libgcc.a(_dvmd_tls.o)
                0x00000000080004fc                __aeabi_idiv0
                0x00000000080004fc                __aeabi_ldiv0
 *(.text*)
 .text.BL_voidHandleGetVerCmd
                0x0000000008000500       0x68 ./Core/Src/BL.o
                0x0000000008000500                BL_voidHandleGetVerCmd
 .text.BL_voidHandleGetHelpCmd
                0x0000000008000568       0x74 ./Core/Src/BL.o
                0x0000000008000568                BL_voidHandleGetHelpCmd
 .text.BL_voidHandleGetCIDCmd
                0x00000000080005dc       0x70 ./Core/Src/BL.o
                0x00000000080005dc                BL_voidHandleGetCIDCmd
 .text.BL_voidHandleGetRDPStatusCmd
                0x000000000800064c       0x74 ./Core/Src/BL.o
                0x000000000800064c                BL_voidHandleGetRDPStatusCmd
 .text.BL_voidHandleGoToAddressCmd
                0x00000000080006c0       0x90 ./Core/Src/BL.o
                0x00000000080006c0                BL_voidHandleGoToAddressCmd
 .text.BL_voidHandleFlashEraseCmd
                0x0000000008000750       0x94 ./Core/Src/BL.o
                0x0000000008000750                BL_voidHandleFlashEraseCmd
 .text.BL_voidHandleMemWriteCmd
                0x00000000080007e4       0x9c ./Core/Src/BL.o
                0x00000000080007e4                BL_voidHandleMemWriteCmd
 .text.BL_voidHandleEnRWProtectCmd
                0x0000000008000880       0x80 ./Core/Src/BL.o
                0x0000000008000880                BL_voidHandleEnRWProtectCmd
 .text.BL_voidHandleMemReadCmd
                0x0000000008000900       0x50 ./Core/Src/BL.o
                0x0000000008000900                BL_voidHandleMemReadCmd
 .text.BL_voidHandleReadSectorStatusCmd
                0x0000000008000950       0x50 ./Core/Src/BL.o
                0x0000000008000950                BL_voidHandleReadSectorStatusCmd
 .text.BL_voidHandleOTPReadCmd
                0x00000000080009a0       0x50 ./Core/Src/BL.o
                0x00000000080009a0                BL_voidHandleOTPReadCmd
 .text.BL_voidHandleDisRWProtectCmd
                0x00000000080009f0       0x50 ./Core/Src/BL.o
                0x00000000080009f0                BL_voidHandleDisRWProtectCmd
 .text.u8VerfiyCRC
                0x0000000008000a40       0x6c ./Core/Src/BL.o
 .text.voidSendAck
                0x0000000008000aac       0x30 ./Core/Src/BL.o
 .text.voidSendNack
                0x0000000008000adc       0x24 ./Core/Src/BL.o
 .text.u8ValidateAddress
                0x0000000008000b00       0x50 ./Core/Src/BL.o
 .text.u8ExcuteFlashErase
                0x0000000008000b50       0xa2 ./Core/Src/BL.o
 *fill*         0x0000000008000bf2        0x2 
 .text.u8ExcuteMemWrite
                0x0000000008000bf4       0xb0 ./Core/Src/BL.o
 .text.u8ExcuteEnRWProtect
                0x0000000008000ca4       0x8c ./Core/Src/BL.o
 .text.main     0x0000000008000d30       0x68 ./Core/Src/main.o
                0x0000000008000d30                main
 .text.SystemClock_Config
                0x0000000008000d98       0xdc ./Core/Src/main.o
                0x0000000008000d98                SystemClock_Config
 .text.MX_CRC_Init
                0x0000000008000e74       0x28 ./Core/Src/main.o
 .text.MX_USART2_UART_Init
                0x0000000008000e9c       0x54 ./Core/Src/main.o
 .text.MX_GPIO_Init
                0x0000000008000ef0       0xdc ./Core/Src/main.o
 .text.Bootloader_UartReadData
                0x0000000008000fcc      0x100 ./Core/Src/main.o
                0x0000000008000fcc                Bootloader_UartReadData
 .text.Bootloader_JumpToUserApp
                0x00000000080010cc       0x30 ./Core/Src/main.o
                0x00000000080010cc                Bootloader_JumpToUserApp
 .text.Error_Handler
                0x00000000080010fc        0xa ./Core/Src/main.o
                0x00000000080010fc                Error_Handler
 *fill*         0x0000000008001106        0x2 
 .text.HAL_MspInit
                0x0000000008001108       0x50 ./Core/Src/stm32f4xx_hal_msp.o
                0x0000000008001108                HAL_MspInit
 .text.HAL_CRC_MspInit
                0x0000000008001158       0x44 ./Core/Src/stm32f4xx_hal_msp.o
                0x0000000008001158                HAL_CRC_MspInit
 .text.HAL_UART_MspInit
                0x000000000800119c       0x90 ./Core/Src/stm32f4xx_hal_msp.o
                0x000000000800119c                HAL_UART_MspInit
 .text.NMI_Handler
                0x000000000800122c        0x6 ./Core/Src/stm32f4xx_it.o
                0x000000000800122c                NMI_Handler
 .text.HardFault_Handler
                0x0000000008001232        0x6 ./Core/Src/stm32f4xx_it.o
                0x0000000008001232                HardFault_Handler
 .text.MemManage_Handler
                0x0000000008001238        0x6 ./Core/Src/stm32f4xx_it.o
                0x0000000008001238                MemManage_Handler
 .text.BusFault_Handler
                0x000000000800123e        0x6 ./Core/Src/stm32f4xx_it.o
                0x000000000800123e                BusFault_Handler
 .text.UsageFault_Handler
                0x0000000008001244        0x6 ./Core/Src/stm32f4xx_it.o
                0x0000000008001244                UsageFault_Handler
 .text.SVC_Handler
                0x000000000800124a        0xe ./Core/Src/stm32f4xx_it.o
                0x000000000800124a                SVC_Handler
 .text.DebugMon_Handler
                0x0000000008001258        0xe ./Core/Src/stm32f4xx_it.o
                0x0000000008001258                DebugMon_Handler
 .text.PendSV_Handler
                0x0000000008001266        0xe ./Core/Src/stm32f4xx_it.o
                0x0000000008001266                PendSV_Handler
 .text.SysTick_Handler
                0x0000000008001274        0xc ./Core/Src/stm32f4xx_it.o
                0x0000000008001274                SysTick_Handler
 .text.SystemInit
                0x0000000008001280       0x24 ./Core/Src/system_stm32f4xx.o
                0x0000000008001280                SystemInit
 .text.Reset_Handler
                0x00000000080012a4       0x50 ./Core/Startup/startup_stm32f446retx.o
                0x00000000080012a4                Reset_Handler
 .text.Default_Handler
                0x00000000080012f4        0x2 ./Core/Startup/startup_stm32f446retx.o
                0x00000000080012f4                RTC_Alarm_IRQHandler
                0x00000000080012f4                EXTI2_IRQHandler
                0x00000000080012f4                TIM8_CC_IRQHandler
                0x00000000080012f4                FMPI2C1_EV_IRQHandler
                0x00000000080012f4                SPI4_IRQHandler
                0x00000000080012f4                TIM1_CC_IRQHandler
                0x00000000080012f4                DMA2_Stream5_IRQHandler
                0x00000000080012f4                DMA1_Stream5_IRQHandler
                0x00000000080012f4                PVD_IRQHandler
                0x00000000080012f4                SDIO_IRQHandler
                0x00000000080012f4                TAMP_STAMP_IRQHandler
                0x00000000080012f4                CAN2_RX1_IRQHandler
                0x00000000080012f4                EXTI3_IRQHandler
                0x00000000080012f4                TIM8_TRG_COM_TIM14_IRQHandler
                0x00000000080012f4                TIM1_UP_TIM10_IRQHandler
                0x00000000080012f4                TIM8_UP_TIM13_IRQHandler
                0x00000000080012f4                I2C3_ER_IRQHandler
                0x00000000080012f4                EXTI0_IRQHandler
                0x00000000080012f4                I2C2_EV_IRQHandler
                0x00000000080012f4                DMA1_Stream2_IRQHandler
                0x00000000080012f4                CAN1_RX0_IRQHandler
                0x00000000080012f4                FPU_IRQHandler
                0x00000000080012f4                OTG_HS_WKUP_IRQHandler
                0x00000000080012f4                CAN2_SCE_IRQHandler
                0x00000000080012f4                DMA2_Stream2_IRQHandler
                0x00000000080012f4                SPI1_IRQHandler
                0x00000000080012f4                TIM6_DAC_IRQHandler
                0x00000000080012f4                TIM1_BRK_TIM9_IRQHandler
                0x00000000080012f4                DCMI_IRQHandler
                0x00000000080012f4                CAN2_RX0_IRQHandler
                0x00000000080012f4                DMA2_Stream3_IRQHandler
                0x00000000080012f4                SAI2_IRQHandler
                0x00000000080012f4                USART6_IRQHandler
                0x00000000080012f4                USART3_IRQHandler
                0x00000000080012f4                CAN1_RX1_IRQHandler
                0x00000000080012f4                UART5_IRQHandler
                0x00000000080012f4                DMA2_Stream0_IRQHandler
                0x00000000080012f4                TIM4_IRQHandler
                0x00000000080012f4                QUADSPI_IRQHandler
                0x00000000080012f4                I2C1_EV_IRQHandler
                0x00000000080012f4                DMA1_Stream6_IRQHandler
                0x00000000080012f4                DMA1_Stream1_IRQHandler
                0x00000000080012f4                UART4_IRQHandler
                0x00000000080012f4                TIM3_IRQHandler
                0x00000000080012f4                RCC_IRQHandler
                0x00000000080012f4                TIM8_BRK_TIM12_IRQHandler
                0x00000000080012f4                Default_Handler
                0x00000000080012f4                CEC_IRQHandler
                0x00000000080012f4                EXTI15_10_IRQHandler
                0x00000000080012f4                ADC_IRQHandler
                0x00000000080012f4                DMA1_Stream7_IRQHandler
                0x00000000080012f4                TIM7_IRQHandler
                0x00000000080012f4                CAN2_TX_IRQHandler
                0x00000000080012f4                TIM5_IRQHandler
                0x00000000080012f4                DMA2_Stream7_IRQHandler
                0x00000000080012f4                I2C3_EV_IRQHandler
                0x00000000080012f4                EXTI9_5_IRQHandler
                0x00000000080012f4                RTC_WKUP_IRQHandler
                0x00000000080012f4                SPDIF_RX_IRQHandler
                0x00000000080012f4                SPI2_IRQHandler
                0x00000000080012f4                OTG_HS_EP1_IN_IRQHandler
                0x00000000080012f4                DMA1_Stream0_IRQHandler
                0x00000000080012f4                CAN1_TX_IRQHandler
                0x00000000080012f4                FMPI2C1_ER_IRQHandler
                0x00000000080012f4                EXTI4_IRQHandler
                0x00000000080012f4                OTG_HS_EP1_OUT_IRQHandler
                0x00000000080012f4                WWDG_IRQHandler
                0x00000000080012f4                TIM2_IRQHandler
                0x00000000080012f4                OTG_FS_WKUP_IRQHandler
                0x00000000080012f4                TIM1_TRG_COM_TIM11_IRQHandler
                0x00000000080012f4                OTG_HS_IRQHandler
                0x00000000080012f4                EXTI1_IRQHandler
                0x00000000080012f4                USART2_IRQHandler
                0x00000000080012f4                I2C2_ER_IRQHandler
                0x00000000080012f4                DMA2_Stream1_IRQHandler
                0x00000000080012f4                CAN1_SCE_IRQHandler
                0x00000000080012f4                FLASH_IRQHandler
                0x00000000080012f4                DMA2_Stream4_IRQHandler
                0x00000000080012f4                USART1_IRQHandler
                0x00000000080012f4                OTG_FS_IRQHandler
                0x00000000080012f4                SPI3_IRQHandler
                0x00000000080012f4                DMA1_Stream4_IRQHandler
                0x00000000080012f4                I2C1_ER_IRQHandler
                0x00000000080012f4                FMC_IRQHandler
                0x00000000080012f4                DMA2_Stream6_IRQHandler
                0x00000000080012f4                SAI1_IRQHandler
                0x00000000080012f4                DMA1_Stream3_IRQHandler
 *fill*         0x00000000080012f6        0x2 
 .text.HAL_Init
                0x00000000080012f8       0x44 ./Drivers/STM32F4xx_HAL_Driver/Src/stm32f4xx_hal.o
                0x00000000080012f8                HAL_Init
 .text.HAL_InitTick
                0x000000000800133c       0x60 ./Drivers/STM32F4xx_HAL_Driver/Src/stm32f4xx_hal.o
                0x000000000800133c                HAL_InitTick
 .text.HAL_IncTick
                0x000000000800139c       0x28 ./Drivers/STM32F4xx_HAL_Driver/Src/stm32f4xx_hal.o
                0x000000000800139c                HAL_IncTick
 .text.HAL_GetTick
                0x00000000080013c4       0x18 ./Drivers/STM32F4xx_HAL_Driver/Src/stm32f4xx_hal.o
                0x00000000080013c4                HAL_GetTick
 .text.HAL_Delay
                0x00000000080013dc       0x48 ./Drivers/STM32F4xx_HAL_Driver/Src/stm32f4xx_hal.o
                0x00000000080013dc                HAL_Delay
 .text.__NVIC_SetPriorityGrouping
                0x0000000008001424       0x48 ./Drivers/STM32F4xx_HAL_Driver/Src/stm32f4xx_hal_cortex.o
 .text.__NVIC_GetPriorityGrouping
                0x000000000800146c       0x1c ./Drivers/STM32F4xx_HAL_Driver/Src/stm32f4xx_hal_cortex.o
 .text.__NVIC_SetPriority
                0x0000000008001488       0x54 ./Drivers/STM32F4xx_HAL_Driver/Src/stm32f4xx_hal_cortex.o
 .text.NVIC_EncodePriority
                0x00000000080014dc       0x66 ./Drivers/STM32F4xx_HAL_Driver/Src/stm32f4xx_hal_cortex.o
 *fill*         0x0000000008001542        0x2 
 .text.SysTick_Config
                0x0000000008001544       0x44 ./Drivers/STM32F4xx_HAL_Driver/Src/stm32f4xx_hal_cortex.o
 .text.HAL_NVIC_SetPriorityGrouping
                0x0000000008001588       0x16 ./Drivers/STM32F4xx_HAL_Driver/Src/stm32f4xx_hal_cortex.o
                0x0000000008001588                HAL_NVIC_SetPriorityGrouping
 .text.HAL_NVIC_SetPriority
                0x000000000800159e       0x38 ./Drivers/STM32F4xx_HAL_Driver/Src/stm32f4xx_hal_cortex.o
                0x000000000800159e                HAL_NVIC_SetPriority
 .text.HAL_SYSTICK_Config
                0x00000000080015d6       0x18 ./Drivers/STM32F4xx_HAL_Driver/Src/stm32f4xx_hal_cortex.o
                0x00000000080015d6                HAL_SYSTICK_Config
 .text.HAL_CRC_Init
                0x00000000080015ee       0x38 ./Drivers/STM32F4xx_HAL_Driver/Src/stm32f4xx_hal_crc.o
                0x00000000080015ee                HAL_CRC_Init
 .text.HAL_CRC_Accumulate
                0x0000000008001626       0x56 ./Drivers/STM32F4xx_HAL_Driver/Src/stm32f4xx_hal_crc.o
                0x0000000008001626                HAL_CRC_Accumulate
 .text.HAL_FLASH_Program
                0x000000000800167c       0xa8 ./Drivers/STM32F4xx_HAL_Driver/Src/stm32f4xx_hal_flash.o
                0x000000000800167c                HAL_FLASH_Program
 .text.HAL_FLASH_Unlock
                0x0000000008001724       0x44 ./Drivers/STM32F4xx_HAL_Driver/Src/stm32f4xx_hal_flash.o
                0x0000000008001724                HAL_FLASH_Unlock
 .text.HAL_FLASH_Lock
                0x0000000008001768       0x20 ./Drivers/STM32F4xx_HAL_Driver/Src/stm32f4xx_hal_flash.o
                0x0000000008001768                HAL_FLASH_Lock
 .text.HAL_FLASH_OB_Unlock
                0x0000000008001788       0x38 ./Drivers/STM32F4xx_HAL_Driver/Src/stm32f4xx_hal_flash.o
                0x0000000008001788                HAL_FLASH_OB_Unlock
 .text.HAL_FLASH_OB_Lock
                0x00000000080017c0       0x20 ./Drivers/STM32F4xx_HAL_Driver/Src/stm32f4xx_hal_flash.o
                0x00000000080017c0                HAL_FLASH_OB_Lock
 .text.HAL_FLASH_OB_Launch
                0x00000000080017e0       0x28 ./Drivers/STM32F4xx_HAL_Driver/Src/stm32f4xx_hal_flash.o
                0x00000000080017e0                HAL_FLASH_OB_Launch
 .text.FLASH_WaitForLastOperation
                0x0000000008001808       0x80 ./Drivers/STM32F4xx_HAL_Driver/Src/stm32f4xx_hal_flash.o
                0x0000000008001808                FLASH_WaitForLastOperation
 .text.FLASH_Program_DoubleWord
                0x0000000008001888       0x64 ./Drivers/STM32F4xx_HAL_Driver/Src/stm32f4xx_hal_flash.o
 .text.FLASH_Program_Word
                0x00000000080018ec       0x44 ./Drivers/STM32F4xx_HAL_Driver/Src/stm32f4xx_hal_flash.o
 .text.FLASH_Program_HalfWord
                0x0000000008001930       0x48 ./Drivers/STM32F4xx_HAL_Driver/Src/stm32f4xx_hal_flash.o
 .text.FLASH_Program_Byte
                0x0000000008001978       0x44 ./Drivers/STM32F4xx_HAL_Driver/Src/stm32f4xx_hal_flash.o
 .text.FLASH_SetErrorCode
                0x00000000080019bc       0xcc ./Drivers/STM32F4xx_HAL_Driver/Src/stm32f4xx_hal_flash.o
 .text.HAL_FLASHEx_Erase
                0x0000000008001a88       0xe0 ./Drivers/STM32F4xx_HAL_Driver/Src/stm32f4xx_hal_flash_ex.o
                0x0000000008001a88                HAL_FLASHEx_Erase
 .text.FLASH_MassErase
                0x0000000008001b68       0x48 ./Drivers/STM32F4xx_HAL_Driver/Src/stm32f4xx_hal_flash_ex.o
 .text.FLASH_Erase_Sector
                0x0000000008001bb0       0x90 ./Drivers/STM32F4xx_HAL_Driver/Src/stm32f4xx_hal_flash_ex.o
                0x0000000008001bb0                FLASH_Erase_Sector
 .text.FLASH_FlushCaches
                0x0000000008001c40       0x8c ./Drivers/STM32F4xx_HAL_Driver/Src/stm32f4xx_hal_flash_ex.o
                0x0000000008001c40                FLASH_FlushCaches
 .text.HAL_GPIO_Init
                0x0000000008001ccc      0x328 ./Drivers/STM32F4xx_HAL_Driver/Src/stm32f4xx_hal_gpio.o
                0x0000000008001ccc                HAL_GPIO_Init
 .text.HAL_GPIO_ReadPin
                0x0000000008001ff4       0x30 ./Drivers/STM32F4xx_HAL_Driver/Src/stm32f4xx_hal_gpio.o
                0x0000000008001ff4                HAL_GPIO_ReadPin
 .text.HAL_GPIO_WritePin
                0x0000000008002024       0x32 ./Drivers/STM32F4xx_HAL_Driver/Src/stm32f4xx_hal_gpio.o
                0x0000000008002024                HAL_GPIO_WritePin
 *fill*         0x0000000008002056        0x2 
 .text.HAL_RCC_ClockConfig
                0x0000000008002058      0x1cc ./Drivers/STM32F4xx_HAL_Driver/Src/stm32f4xx_hal_rcc.o
                0x0000000008002058                HAL_RCC_ClockConfig
 .text.HAL_RCC_GetHCLKFreq
                0x0000000008002224       0x18 ./Drivers/STM32F4xx_HAL_Driver/Src/stm32f4xx_hal_rcc.o
                0x0000000008002224                HAL_RCC_GetHCLKFreq
 .text.HAL_RCC_GetPCLK1Freq
                0x000000000800223c       0x28 ./Drivers/STM32F4xx_HAL_Driver/Src/stm32f4xx_hal_rcc.o
                0x000000000800223c                HAL_RCC_GetPCLK1Freq
 .text.HAL_RCC_GetPCLK2Freq
                0x0000000008002264       0x28 ./Drivers/STM32F4xx_HAL_Driver/Src/stm32f4xx_hal_rcc.o
                0x0000000008002264                HAL_RCC_GetPCLK2Freq
 .text.HAL_RCC_GetSysClockFreq
                0x000000000800228c      0x460 ./Drivers/STM32F4xx_HAL_Driver/Src/stm32f4xx_hal_rcc_ex.o
                0x000000000800228c                HAL_RCC_GetSysClockFreq
 .text.HAL_RCC_OscConfig
                0x00000000080026ec      0x53c ./Drivers/STM32F4xx_HAL_Driver/Src/stm32f4xx_hal_rcc_ex.o
                0x00000000080026ec                HAL_RCC_OscConfig
 .text.HAL_UART_Init
                0x0000000008002c28       0x9a ./Drivers/STM32F4xx_HAL_Driver/Src/stm32f4xx_hal_uart.o
                0x0000000008002c28                HAL_UART_Init
 .text.HAL_UART_Transmit
                0x0000000008002cc2      0x124 ./Drivers/STM32F4xx_HAL_Driver/Src/stm32f4xx_hal_uart.o
                0x0000000008002cc2                HAL_UART_Transmit
 .text.HAL_UART_Receive
                0x0000000008002de6      0x144 ./Drivers/STM32F4xx_HAL_Driver/Src/stm32f4xx_hal_uart.o
                0x0000000008002de6                HAL_UART_Receive
 .text.UART_WaitOnFlagUntilTimeout
                0x0000000008002f2a       0xdc ./Drivers/STM32F4xx_HAL_Driver/Src/stm32f4xx_hal_uart.o
 *fill*         0x0000000008003006        0x2 
 .text.UART_SetConfig
                0x0000000008003008      0x4e8 ./Drivers/STM32F4xx_HAL_Driver/Src/stm32f4xx_hal_uart.o
 .text.memset   0x00000000080034f0       0x10 C:/ST/STM32CubeIDE_1.12.0/STM32CubeIDE/plugins/com.st.stm32cube.ide.mcu.externaltools.gnu-tools-for-stm32.11.3.rel1.win32_1.1.1.202309131626/tools/bin/../lib/gcc/arm-none-eabi/11.3.1/../../../../arm-none-eabi/lib/thumb/v7e-m+fp/hard\libc_nano.a(libc_a-memset.o)
                0x00000000080034f0                memset
 .text.__libc_init_array
                0x0000000008003500       0x48 C:/ST/STM32CubeIDE_1.12.0/STM32CubeIDE/plugins/com.st.stm32cube.ide.mcu.externaltools.gnu-tools-for-stm32.11.3.rel1.win32_1.1.1.202309131626/tools/bin/../lib/gcc/arm-none-eabi/11.3.1/../../../../arm-none-eabi/lib/thumb/v7e-m+fp/hard\libc_nano.a(libc_a-init.o)
                0x0000000008003500                __libc_init_array
 *(.glue_7)
 .glue_7        0x0000000008003548        0x0 linker stubs
 *(.glue_7t)
 .glue_7t       0x0000000008003548        0x0 linker stubs
 *(.eh_frame)
 .eh_frame      0x0000000008003548        0x0 C:/ST/STM32CubeIDE_1.12.0/STM32CubeIDE/plugins/com.st.stm32cube.ide.mcu.externaltools.gnu-tools-for-stm32.11.3.rel1.win32_1.1.1.202309131626/tools/bin/../lib/gcc/arm-none-eabi/11.3.1/thumb/v7e-m+fp/hard/crtbegin.o
 *(.init)
 .init          0x0000000008003548        0x4 C:/ST/STM32CubeIDE_1.12.0/STM32CubeIDE/plugins/com.st.stm32cube.ide.mcu.externaltools.gnu-tools-for-stm32.11.3.rel1.win32_1.1.1.202309131626/tools/bin/../lib/gcc/arm-none-eabi/11.3.1/thumb/v7e-m+fp/hard/crti.o
                0x0000000008003548                _init
 .init          0x000000000800354c        0x8 C:/ST/STM32CubeIDE_1.12.0/STM32CubeIDE/plugins/com.st.stm32cube.ide.mcu.externaltools.gnu-tools-for-stm32.11.3.rel1.win32_1.1.1.202309131626/tools/bin/../lib/gcc/arm-none-eabi/11.3.1/thumb/v7e-m+fp/hard/crtn.o
 *(.fini)
 .fini          0x0000000008003554        0x4 C:/ST/STM32CubeIDE_1.12.0/STM32CubeIDE/plugins/com.st.stm32cube.ide.mcu.externaltools.gnu-tools-for-stm32.11.3.rel1.win32_1.1.1.202309131626/tools/bin/../lib/gcc/arm-none-eabi/11.3.1/thumb/v7e-m+fp/hard/crti.o
                0x0000000008003554                _fini
 .fini          0x0000000008003558        0x8 C:/ST/STM32CubeIDE_1.12.0/STM32CubeIDE/plugins/com.st.stm32cube.ide.mcu.externaltools.gnu-tools-for-stm32.11.3.rel1.win32_1.1.1.202309131626/tools/bin/../lib/gcc/arm-none-eabi/11.3.1/thumb/v7e-m+fp/hard/crtn.o
                0x0000000008003560                . = ALIGN (0x4)
                0x0000000008003560                _etext = .

.vfp11_veneer   0x0000000008003560        0x0
 .vfp11_veneer  0x0000000008003560        0x0 linker stubs

.v4_bx          0x0000000008003560        0x0
 .v4_bx         0x0000000008003560        0x0 linker stubs

.iplt           0x0000000008003560        0x0
 .iplt          0x0000000008003560        0x0 C:/ST/STM32CubeIDE_1.12.0/STM32CubeIDE/plugins/com.st.stm32cube.ide.mcu.externaltools.gnu-tools-for-stm32.11.3.rel1.win32_1.1.1.202309131626/tools/bin/../lib/gcc/arm-none-eabi/11.3.1/thumb/v7e-m+fp/hard/crtbegin.o

.rodata         0x0000000008003560       0x38
                0x0000000008003560                . = ALIGN (0x4)
 *(.rodata)
 .rodata        0x0000000008003560        0xc ./Core/Src/BL.o
 .rodata        0x000000000800356c       0x14 ./Core/Src/main.o
 *(.rodata*)
 .rodata.AHBPrescTable
                0x0000000008003580       0x10 ./Core/Src/system_stm32f4xx.o
                0x0000000008003580                AHBPrescTable
 .rodata.APBPrescTable
                0x0000000008003590        0x8 ./Core/Src/system_stm32f4xx.o
                0x0000000008003590                APBPrescTable
                0x0000000008003598                . = ALIGN (0x4)

.ARM.extab      0x0000000008003598        0x0
                0x0000000008003598                . = ALIGN (0x4)
 *(.ARM.extab* .gnu.linkonce.armextab.*)
                0x0000000008003598                . = ALIGN (0x4)

.ARM            0x0000000008003598        0x8
                0x0000000008003598                . = ALIGN (0x4)
                0x0000000008003598                __exidx_start = .
 *(.ARM.exidx*)
 .ARM.exidx     0x0000000008003598        0x8 C:/ST/STM32CubeIDE_1.12.0/STM32CubeIDE/plugins/com.st.stm32cube.ide.mcu.externaltools.gnu-tools-for-stm32.11.3.rel1.win32_1.1.1.202309131626/tools/bin/../lib/gcc/arm-none-eabi/11.3.1/thumb/v7e-m+fp/hard\libgcc.a(_udivmoddi4.o)
                0x00000000080035a0                __exidx_end = .
                0x00000000080035a0                . = ALIGN (0x4)

.rel.dyn        0x00000000080035a0        0x0
 .rel.iplt      0x00000000080035a0        0x0 C:/ST/STM32CubeIDE_1.12.0/STM32CubeIDE/plugins/com.st.stm32cube.ide.mcu.externaltools.gnu-tools-for-stm32.11.3.rel1.win32_1.1.1.202309131626/tools/bin/../lib/gcc/arm-none-eabi/11.3.1/thumb/v7e-m+fp/hard/crtbegin.o

.preinit_array  0x00000000080035a0        0x0
                0x00000000080035a0                . = ALIGN (0x4)
                0x00000000080035a0                PROVIDE (__preinit_array_start = .)
 *(.preinit_array*)
                0x00000000080035a0                PROVIDE (__preinit_array_end = .)
                0x00000000080035a0                . = ALIGN (0x4)

.init_array     0x00000000080035a0        0x4
                0x00000000080035a0                . = ALIGN (0x4)
                0x00000000080035a0                PROVIDE (__init_array_start = .)
 *(SORT_BY_NAME(.init_array.*))
 *(.init_array*)
 .init_array    0x00000000080035a0        0x4 C:/ST/STM32CubeIDE_1.12.0/STM32CubeIDE/plugins/com.st.stm32cube.ide.mcu.externaltools.gnu-tools-for-stm32.11.3.rel1.win32_1.1.1.202309131626/tools/bin/../lib/gcc/arm-none-eabi/11.3.1/thumb/v7e-m+fp/hard/crtbegin.o
                0x00000000080035a4                PROVIDE (__init_array_end = .)
                0x00000000080035a4                . = ALIGN (0x4)

.fini_array     0x00000000080035a4        0x4
                0x00000000080035a4                . = ALIGN (0x4)
                [!provide]                        PROVIDE (__fini_array_start = .)
 *(SORT_BY_NAME(.fini_array.*))
 *(.fini_array*)
 .fini_array    0x00000000080035a4        0x4 C:/ST/STM32CubeIDE_1.12.0/STM32CubeIDE/plugins/com.st.stm32cube.ide.mcu.externaltools.gnu-tools-for-stm32.11.3.rel1.win32_1.1.1.202309131626/tools/bin/../lib/gcc/arm-none-eabi/11.3.1/thumb/v7e-m+fp/hard/crtbegin.o
                [!provide]                        PROVIDE (__fini_array_end = .)
                0x00000000080035a8                . = ALIGN (0x4)
                0x00000000080035a8                _sidata = LOADADDR (.data)

.data           0x0000000020000000        0xc load address 0x00000000080035a8
                0x0000000020000000                . = ALIGN (0x4)
                0x0000000020000000                _sdata = .
 *(.data)
 *(.data*)
 .data.SystemCoreClock
                0x0000000020000000        0x4 ./Core/Src/system_stm32f4xx.o
                0x0000000020000000                SystemCoreClock
 .data.uwTickPrio
                0x0000000020000004        0x4 ./Drivers/STM32F4xx_HAL_Driver/Src/stm32f4xx_hal.o
                0x0000000020000004                uwTickPrio
 .data.uwTickFreq
                0x0000000020000008        0x1 ./Drivers/STM32F4xx_HAL_Driver/Src/stm32f4xx_hal.o
                0x0000000020000008                uwTickFreq
 *(.RamFunc)
 *(.RamFunc*)
                0x000000002000000c                . = ALIGN (0x4)
 *fill*         0x0000000020000009        0x3 
                0x000000002000000c                _edata = .

.igot.plt       0x000000002000000c        0x0 load address 0x00000000080035b4
 .igot.plt      0x000000002000000c        0x0 C:/ST/STM32CubeIDE_1.12.0/STM32CubeIDE/plugins/com.st.stm32cube.ide.mcu.externaltools.gnu-tools-for-stm32.11.3.rel1.win32_1.1.1.202309131626/tools/bin/../lib/gcc/arm-none-eabi/11.3.1/thumb/v7e-m+fp/hard/crtbegin.o
                0x000000002000000c                . = ALIGN (0x4)

.bss            0x000000002000000c       0x8c load address 0x00000000080035b4
                0x000000002000000c                _sbss = .
                0x000000002000000c                __bss_start__ = _sbss
 *(.bss)
 .bss           0x000000002000000c       0x1c C:/ST/STM32CubeIDE_1.12.0/STM32CubeIDE/plugins/com.st.stm32cube.ide.mcu.externaltools.gnu-tools-for-stm32.11.3.rel1.win32_1.1.1.202309131626/tools/bin/../lib/gcc/arm-none-eabi/11.3.1/thumb/v7e-m+fp/hard/crtbegin.o
 *(.bss*)
 .bss.hcrc      0x0000000020000028        0x8 ./Core/Src/main.o
                0x0000000020000028                hcrc
 .bss.huart2    0x0000000020000030       0x44 ./Core/Src/main.o
                0x0000000020000030                huart2
 .bss.uwTick    0x0000000020000074        0x4 ./Drivers/STM32F4xx_HAL_Driver/Src/stm32f4xx_hal.o
                0x0000000020000074                uwTick
 .bss.pFlash    0x0000000020000078       0x20 ./Drivers/STM32F4xx_HAL_Driver/Src/stm32f4xx_hal_flash.o
                0x0000000020000078                pFlash
 *(COMMON)
                0x0000000020000098                . = ALIGN (0x4)
                0x0000000020000098                _ebss = .
                0x0000000020000098                __bss_end__ = _ebss

._user_heap_stack
                0x0000000020000098      0x600 load address 0x00000000080035b4
                0x0000000020000098                . = ALIGN (0x8)
                [!provide]                        PROVIDE (end = .)
                0x0000000020000098                PROVIDE (_end = .)
                0x0000000020000298                . = (. + _Min_Heap_Size)
 *fill*         0x0000000020000098      0x200 
                0x0000000020000698                . = (. + _Min_Stack_Size)
 *fill*         0x0000000020000298      0x400 
                0x0000000020000698                . = ALIGN (0x8)

/DISCARD/
 libc.a(*)
 libm.a(*)
 libgcc.a(*)

.ARM.attributes
                0x0000000000000000       0x30
 *(.ARM.attributes)
 .ARM.attributes
                0x0000000000000000       0x1e C:/ST/STM32CubeIDE_1.12.0/STM32CubeIDE/plugins/com.st.stm32cube.ide.mcu.externaltools.gnu-tools-for-stm32.11.3.rel1.win32_1.1.1.202309131626/tools/bin/../lib/gcc/arm-none-eabi/11.3.1/thumb/v7e-m+fp/hard/crti.o
 .ARM.attributes
                0x000000000000001e       0x34 C:/ST/STM32CubeIDE_1.12.0/STM32CubeIDE/plugins/com.st.stm32cube.ide.mcu.externaltools.gnu-tools-for-stm32.11.3.rel1.win32_1.1.1.202309131626/tools/bin/../lib/gcc/arm-none-eabi/11.3.1/thumb/v7e-m+fp/hard/crtbegin.o
 .ARM.attributes
                0x0000000000000052       0x34 ./Core/Src/BL.o
 .ARM.attributes
                0x0000000000000086       0x34 ./Core/Src/main.o
 .ARM.attributes
                0x00000000000000ba       0x34 ./Core/Src/stm32f4xx_hal_msp.o
 .ARM.attributes
                0x00000000000000ee       0x34 ./Core/Src/stm32f4xx_it.o
 .ARM.attributes
                0x0000000000000122       0x34 ./Core/Src/system_stm32f4xx.o
 .ARM.attributes
                0x0000000000000156       0x21 ./Core/Startup/startup_stm32f446retx.o
 .ARM.attributes
                0x0000000000000177       0x34 ./Drivers/STM32F4xx_HAL_Driver/Src/stm32f4xx_hal.o
 .ARM.attributes
                0x00000000000001ab       0x34 ./Drivers/STM32F4xx_HAL_Driver/Src/stm32f4xx_hal_cortex.o
 .ARM.attributes
                0x00000000000001df       0x34 ./Drivers/STM32F4xx_HAL_Driver/Src/stm32f4xx_hal_crc.o
 .ARM.attributes
                0x0000000000000213       0x34 ./Drivers/STM32F4xx_HAL_Driver/Src/stm32f4xx_hal_flash.o
 .ARM.attributes
                0x0000000000000247       0x34 ./Drivers/STM32F4xx_HAL_Driver/Src/stm32f4xx_hal_flash_ex.o
 .ARM.attributes
                0x000000000000027b       0x34 ./Drivers/STM32F4xx_HAL_Driver/Src/stm32f4xx_hal_gpio.o
 .ARM.attributes
                0x00000000000002af       0x34 ./Drivers/STM32F4xx_HAL_Driver/Src/stm32f4xx_hal_rcc.o
 .ARM.attributes
                0x00000000000002e3       0x34 ./Drivers/STM32F4xx_HAL_Driver/Src/stm32f4xx_hal_rcc_ex.o
 .ARM.attributes
                0x0000000000000317       0x34 ./Drivers/STM32F4xx_HAL_Driver/Src/stm32f4xx_hal_uart.o
 .ARM.attributes
                0x000000000000034b       0x34 C:/ST/STM32CubeIDE_1.12.0/STM32CubeIDE/plugins/com.st.stm32cube.ide.mcu.externaltools.gnu-tools-for-stm32.11.3.rel1.win32_1.1.1.202309131626/tools/bin/../lib/gcc/arm-none-eabi/11.3.1/../../../../arm-none-eabi/lib/thumb/v7e-m+fp/hard\libc_nano.a(libc_a-memset.o)
 .ARM.attributes
                0x000000000000037f       0x34 C:/ST/STM32CubeIDE_1.12.0/STM32CubeIDE/plugins/com.st.stm32cube.ide.mcu.externaltools.gnu-tools-for-stm32.11.3.rel1.win32_1.1.1.202309131626/tools/bin/../lib/gcc/arm-none-eabi/11.3.1/../../../../arm-none-eabi/lib/thumb/v7e-m+fp/hard\libc_nano.a(libc_a-init.o)
 .ARM.attributes
                0x00000000000003b3       0x1e C:/ST/STM32CubeIDE_1.12.0/STM32CubeIDE/plugins/com.st.stm32cube.ide.mcu.externaltools.gnu-tools-for-stm32.11.3.rel1.win32_1.1.1.202309131626/tools/bin/../lib/gcc/arm-none-eabi/11.3.1/thumb/v7e-m+fp/hard\libgcc.a(_aeabi_uldivmod.o)
 .ARM.attributes
                0x00000000000003d1       0x34 C:/ST/STM32CubeIDE_1.12.0/STM32CubeIDE/plugins/com.st.stm32cube.ide.mcu.externaltools.gnu-tools-for-stm32.11.3.rel1.win32_1.1.1.202309131626/tools/bin/../lib/gcc/arm-none-eabi/11.3.1/thumb/v7e-m+fp/hard\libgcc.a(_udivmoddi4.o)
 .ARM.attributes
                0x0000000000000405       0x1e C:/ST/STM32CubeIDE_1.12.0/STM32CubeIDE/plugins/com.st.stm32cube.ide.mcu.externaltools.gnu-tools-for-stm32.11.3.rel1.win32_1.1.1.202309131626/tools/bin/../lib/gcc/arm-none-eabi/11.3.1/thumb/v7e-m+fp/hard\libgcc.a(_dvmd_tls.o)
 .ARM.attributes
                0x0000000000000423       0x1e C:/ST/STM32CubeIDE_1.12.0/STM32CubeIDE/plugins/com.st.stm32cube.ide.mcu.externaltools.gnu-tools-for-stm32.11.3.rel1.win32_1.1.1.202309131626/tools/bin/../lib/gcc/arm-none-eabi/11.3.1/thumb/v7e-m+fp/hard/crtn.o
OUTPUT(Bootloader.elf elf32-littlearm)
LOAD linker stubs
LOAD C:/ST/STM32CubeIDE_1.12.0/STM32CubeIDE/plugins/com.st.stm32cube.ide.mcu.externaltools.gnu-tools-for-stm32.11.3.rel1.win32_1.1.1.202309131626/tools/bin/../lib/gcc/arm-none-eabi/11.3.1/../../../../arm-none-eabi/lib/thumb/v7e-m+fp/hard\libc.a
LOAD C:/ST/STM32CubeIDE_1.12.0/STM32CubeIDE/plugins/com.st.stm32cube.ide.mcu.externaltools.gnu-tools-for-stm32.11.3.rel1.win32_1.1.1.202309131626/tools/bin/../lib/gcc/arm-none-eabi/11.3.1/../../../../arm-none-eabi/lib/thumb/v7e-m+fp/hard\libm.a
LOAD C:/ST/STM32CubeIDE_1.12.0/STM32CubeIDE/plugins/com.st.stm32cube.ide.mcu.externaltools.gnu-tools-for-stm32.11.3.rel1.win32_1.1.1.202309131626/tools/bin/../lib/gcc/arm-none-eabi/11.3.1/thumb/v7e-m+fp/hard\libgcc.a

.comment        0x0000000000000000       0x43
 .comment       0x0000000000000000       0x43 C:/ST/STM32CubeIDE_1.12.0/STM32CubeIDE/plugins/com.st.stm32cube.ide.mcu.externaltools.gnu-tools-for-stm32.11.3.rel1.win32_1.1.1.202309131626/tools/bin/../lib/gcc/arm-none-eabi/11.3.1/thumb/v7e-m+fp/hard/crtbegin.o
                                         0x44 (size before relaxing)
 .comment       0x0000000000000043       0x44 ./Core/Src/BL.o
 .comment       0x0000000000000043       0x44 ./Core/Src/main.o
 .comment       0x0000000000000043       0x44 ./Core/Src/stm32f4xx_hal_msp.o
 .comment       0x0000000000000043       0x44 ./Core/Src/stm32f4xx_it.o
 .comment       0x0000000000000043       0x44 ./Core/Src/system_stm32f4xx.o
 .comment       0x0000000000000043       0x44 ./Drivers/STM32F4xx_HAL_Driver/Src/stm32f4xx_hal.o
 .comment       0x0000000000000043       0x44 ./Drivers/STM32F4xx_HAL_Driver/Src/stm32f4xx_hal_cortex.o
 .comment       0x0000000000000043       0x44 ./Drivers/STM32F4xx_HAL_Driver/Src/stm32f4xx_hal_crc.o
 .comment       0x0000000000000043       0x44 ./Drivers/STM32F4xx_HAL_Driver/Src/stm32f4xx_hal_flash.o
 .comment       0x0000000000000043       0x44 ./Drivers/STM32F4xx_HAL_Driver/Src/stm32f4xx_hal_flash_ex.o
 .comment       0x0000000000000043       0x44 ./Drivers/STM32F4xx_HAL_Driver/Src/stm32f4xx_hal_gpio.o
 .comment       0x0000000000000043       0x44 ./Drivers/STM32F4xx_HAL_Driver/Src/stm32f4xx_hal_rcc.o
 .comment       0x0000000000000043       0x44 ./Drivers/STM32F4xx_HAL_Driver/Src/stm32f4xx_hal_rcc_ex.o
 .comment       0x0000000000000043       0x44 ./Drivers/STM32F4xx_HAL_Driver/Src/stm32f4xx_hal_uart.o

.debug_info     0x0000000000000000     0xa12f
 .debug_info    0x0000000000000000     0x10bf ./Core/Src/BL.o
 .debug_info    0x00000000000010bf      0xedc ./Core/Src/main.o
 .debug_info    0x0000000000001f9b      0xa40 ./Core/Src/stm32f4xx_hal_msp.o
 .debug_info    0x00000000000029db      0x112 ./Core/Src/stm32f4xx_it.o
 .debug_info    0x0000000000002aed      0x54a ./Core/Src/system_stm32f4xx.o
 .debug_info    0x0000000000003037       0x23 ./Core/Startup/startup_stm32f446retx.o
 .debug_info    0x000000000000305a      0x99e ./Drivers/STM32F4xx_HAL_Driver/Src/stm32f4xx_hal.o
 .debug_info    0x00000000000039f8      0xd64 ./Drivers/STM32F4xx_HAL_Driver/Src/stm32f4xx_hal_cortex.o
 .debug_info    0x000000000000475c      0x375 ./Drivers/STM32F4xx_HAL_Driver/Src/stm32f4xx_hal_crc.o
 .debug_info    0x0000000000004ad1      0x57d ./Drivers/STM32F4xx_HAL_Driver/Src/stm32f4xx_hal_flash.o
 .debug_info    0x000000000000504e      0x7db ./Drivers/STM32F4xx_HAL_Driver/Src/stm32f4xx_hal_flash_ex.o
 .debug_info    0x0000000000005829      0x70b ./Drivers/STM32F4xx_HAL_Driver/Src/stm32f4xx_hal_gpio.o
 .debug_info    0x0000000000005f34      0x8ed ./Drivers/STM32F4xx_HAL_Driver/Src/stm32f4xx_hal_rcc.o
 .debug_info    0x0000000000006821      0x956 ./Drivers/STM32F4xx_HAL_Driver/Src/stm32f4xx_hal_rcc_ex.o
 .debug_info    0x0000000000007177     0x2fb8 ./Drivers/STM32F4xx_HAL_Driver/Src/stm32f4xx_hal_uart.o

.debug_abbrev   0x0000000000000000     0x1e20
 .debug_abbrev  0x0000000000000000      0x28d ./Core/Src/BL.o
 .debug_abbrev  0x000000000000028d      0x297 ./Core/Src/main.o
 .debug_abbrev  0x0000000000000524      0x1df ./Core/Src/stm32f4xx_hal_msp.o
 .debug_abbrev  0x0000000000000703       0x73 ./Core/Src/stm32f4xx_it.o
 .debug_abbrev  0x0000000000000776      0x11a ./Core/Src/system_stm32f4xx.o
 .debug_abbrev  0x0000000000000890       0x12 ./Core/Startup/startup_stm32f446retx.o
 .debug_abbrev  0x00000000000008a2      0x213 ./Drivers/STM32F4xx_HAL_Driver/Src/stm32f4xx_hal.o
 .debug_abbrev  0x0000000000000ab5      0x327 ./Drivers/STM32F4xx_HAL_Driver/Src/stm32f4xx_hal_cortex.o
 .debug_abbrev  0x0000000000000ddc      0x1aa ./Drivers/STM32F4xx_HAL_Driver/Src/stm32f4xx_hal_crc.o
 .debug_abbrev  0x0000000000000f86      0x28c ./Drivers/STM32F4xx_HAL_Driver/Src/stm32f4xx_hal_flash.o
 .debug_abbrev  0x0000000000001212      0x26c ./Drivers/STM32F4xx_HAL_Driver/Src/stm32f4xx_hal_flash_ex.o
 .debug_abbrev  0x000000000000147e      0x1d4 ./Drivers/STM32F4xx_HAL_Driver/Src/stm32f4xx_hal_gpio.o
 .debug_abbrev  0x0000000000001652      0x2b6 ./Drivers/STM32F4xx_HAL_Driver/Src/stm32f4xx_hal_rcc.o
 .debug_abbrev  0x0000000000001908      0x20a ./Drivers/STM32F4xx_HAL_Driver/Src/stm32f4xx_hal_rcc_ex.o
 .debug_abbrev  0x0000000000001b12      0x30e ./Drivers/STM32F4xx_HAL_Driver/Src/stm32f4xx_hal_uart.o

.debug_aranges  0x0000000000000000      0x910
 .debug_aranges
                0x0000000000000000       0xb0 ./Core/Src/BL.o
 .debug_aranges
                0x00000000000000b0       0x58 ./Core/Src/main.o
 .debug_aranges
                0x0000000000000108       0x40 ./Core/Src/stm32f4xx_hal_msp.o
 .debug_aranges
                0x0000000000000148       0x60 ./Core/Src/stm32f4xx_it.o
 .debug_aranges
                0x00000000000001a8       0x28 ./Core/Src/system_stm32f4xx.o
 .debug_aranges
                0x00000000000001d0       0x28 ./Core/Startup/startup_stm32f446retx.o
 .debug_aranges
                0x00000000000001f8       0xf0 ./Drivers/STM32F4xx_HAL_Driver/Src/stm32f4xx_hal.o
 .debug_aranges
                0x00000000000002e8      0x118 ./Drivers/STM32F4xx_HAL_Driver/Src/stm32f4xx_hal_cortex.o
 .debug_aranges
                0x0000000000000400       0x50 ./Drivers/STM32F4xx_HAL_Driver/Src/stm32f4xx_hal_crc.o
 .debug_aranges
                0x0000000000000450       0xa0 ./Drivers/STM32F4xx_HAL_Driver/Src/stm32f4xx_hal_flash.o
 .debug_aranges
                0x00000000000004f0       0xc8 ./Drivers/STM32F4xx_HAL_Driver/Src/stm32f4xx_hal_flash_ex.o
 .debug_aranges
                0x00000000000005b8       0x58 ./Drivers/STM32F4xx_HAL_Driver/Src/stm32f4xx_hal_gpio.o
 .debug_aranges
                0x0000000000000610       0x88 ./Drivers/STM32F4xx_HAL_Driver/Src/stm32f4xx_hal_rcc.o
 .debug_aranges
                0x0000000000000698       0x78 ./Drivers/STM32F4xx_HAL_Driver/Src/stm32f4xx_hal_rcc_ex.o
 .debug_aranges
                0x0000000000000710      0x200 ./Drivers/STM32F4xx_HAL_Driver/Src/stm32f4xx_hal_uart.o

.debug_rnglists
                0x0000000000000000      0x6e4
 .debug_rnglists
                0x0000000000000000       0x86 ./Core/Src/BL.o
 .debug_rnglists
                0x0000000000000086       0x40 ./Core/Src/main.o
 .debug_rnglists
                0x00000000000000c6       0x2c ./Core/Src/stm32f4xx_hal_msp.o
 .debug_rnglists
                0x00000000000000f2       0x43 ./Core/Src/stm32f4xx_it.o
 .debug_rnglists
                0x0000000000000135       0x1a ./Core/Src/system_stm32f4xx.o
 .debug_rnglists
                0x000000000000014f       0x19 ./Core/Startup/startup_stm32f446retx.o
 .debug_rnglists
                0x0000000000000168       0xaf ./Drivers/STM32F4xx_HAL_Driver/Src/stm32f4xx_hal.o
 .debug_rnglists
                0x0000000000000217       0xce ./Drivers/STM32F4xx_HAL_Driver/Src/stm32f4xx_hal_cortex.o
 .debug_rnglists
                0x00000000000002e5       0x37 ./Drivers/STM32F4xx_HAL_Driver/Src/stm32f4xx_hal_crc.o
 .debug_rnglists
                0x000000000000031c       0x78 ./Drivers/STM32F4xx_HAL_Driver/Src/stm32f4xx_hal_flash.o
 .debug_rnglists
                0x0000000000000394       0x96 ./Drivers/STM32F4xx_HAL_Driver/Src/stm32f4xx_hal_flash_ex.o
 .debug_rnglists
                0x000000000000042a       0x3f ./Drivers/STM32F4xx_HAL_Driver/Src/stm32f4xx_hal_gpio.o
 .debug_rnglists
                0x0000000000000469       0x66 ./Drivers/STM32F4xx_HAL_Driver/Src/stm32f4xx_hal_rcc.o
 .debug_rnglists
                0x00000000000004cf       0x5e ./Drivers/STM32F4xx_HAL_Driver/Src/stm32f4xx_hal_rcc_ex.o
 .debug_rnglists
                0x000000000000052d      0x1b7 ./Drivers/STM32F4xx_HAL_Driver/Src/stm32f4xx_hal_uart.o

.debug_macro    0x0000000000000000    0x212e2
 .debug_macro   0x0000000000000000      0x1e5 ./Core/Src/BL.o
 .debug_macro   0x00000000000001e5      0xaa8 ./Core/Src/BL.o
 .debug_macro   0x0000000000000c8d       0x22 ./Core/Src/BL.o
 .debug_macro   0x0000000000000caf       0x8e ./Core/Src/BL.o
 .debug_macro   0x0000000000000d3d       0x51 ./Core/Src/BL.o
 .debug_macro   0x0000000000000d8e      0x103 ./Core/Src/BL.o
 .debug_macro   0x0000000000000e91       0x6a ./Core/Src/BL.o
 .debug_macro   0x0000000000000efb      0x1df ./Core/Src/BL.o
 .debug_macro   0x00000000000010da      0x29b ./Core/Src/BL.o
 .debug_macro   0x0000000000001375       0x2e ./Core/Src/BL.o
 .debug_macro   0x00000000000013a3       0x28 ./Core/Src/BL.o
 .debug_macro   0x00000000000013cb       0x1c ./Core/Src/BL.o
 .debug_macro   0x00000000000013e7       0x22 ./Core/Src/BL.o
 .debug_macro   0x0000000000001409       0xd9 ./Core/Src/BL.o
 .debug_macro   0x00000000000014e2     0x102d ./Core/Src/BL.o
 .debug_macro   0x000000000000250f      0x11f ./Core/Src/BL.o
 .debug_macro   0x000000000000262e    0x16749 ./Core/Src/BL.o
 .debug_macro   0x0000000000018d77       0x6d ./Core/Src/BL.o
 .debug_macro   0x0000000000018de4     0x367e ./Core/Src/BL.o
 .debug_macro   0x000000000001c462      0x174 ./Core/Src/BL.o
 .debug_macro   0x000000000001c5d6       0x5c ./Core/Src/BL.o
 .debug_macro   0x000000000001c632      0xc90 ./Core/Src/BL.o
 .debug_macro   0x000000000001d2c2      0x9fe ./Core/Src/BL.o
 .debug_macro   0x000000000001dcc0      0x115 ./Core/Src/BL.o
 .debug_macro   0x000000000001ddd5      0x1a0 ./Core/Src/BL.o
 .debug_macro   0x000000000001df75       0xa5 ./Core/Src/BL.o
 .debug_macro   0x000000000001e01a      0x16d ./Core/Src/BL.o
 .debug_macro   0x000000000001e187      0x287 ./Core/Src/BL.o
 .debug_macro   0x000000000001e40e       0x5f ./Core/Src/BL.o
 .debug_macro   0x000000000001e46d      0x236 ./Core/Src/BL.o
 .debug_macro   0x000000000001e6a3       0x22 ./Core/Src/BL.o
 .debug_macro   0x000000000001e6c5      0x132 ./Core/Src/BL.o
 .debug_macro   0x000000000001e7f7      0x29c ./Core/Src/BL.o
 .debug_macro   0x000000000001ea93       0x2e ./Core/Src/BL.o
 .debug_macro   0x000000000001eac1      0x11a ./Core/Src/BL.o
 .debug_macro   0x000000000001ebdb       0xe8 ./Core/Src/BL.o
 .debug_macro   0x000000000001ecc3       0x89 ./Core/Src/BL.o
 .debug_macro   0x000000000001ed4c      0x295 ./Core/Src/BL.o
 .debug_macro   0x000000000001efe1      0x126 ./Core/Src/BL.o
 .debug_macro   0x000000000001f107       0x58 ./Core/Src/BL.o
 .debug_macro   0x000000000001f15f       0x5e ./Core/Src/BL.o
 .debug_macro   0x000000000001f1bd       0xa0 ./Core/Src/BL.o
 .debug_macro   0x000000000001f25d      0x2b0 ./Core/Src/main.o
 .debug_macro   0x000000000001f50d       0x61 ./Core/Src/main.o
 .debug_macro   0x000000000001f56e       0x2a ./Core/Src/main.o
 .debug_macro   0x000000000001f598       0x43 ./Core/Src/main.o
 .debug_macro   0x000000000001f5db       0x34 ./Core/Src/main.o
 .debug_macro   0x000000000001f60f       0x16 ./Core/Src/main.o
 .debug_macro   0x000000000001f625       0x43 ./Core/Src/main.o
 .debug_macro   0x000000000001f668       0x34 ./Core/Src/main.o
 .debug_macro   0x000000000001f69c       0x10 ./Core/Src/main.o
 .debug_macro   0x000000000001f6ac       0x58 ./Core/Src/main.o
 .debug_macro   0x000000000001f704       0x8e ./Core/Src/main.o
 .debug_macro   0x000000000001f792       0x1c ./Core/Src/main.o
 .debug_macro   0x000000000001f7ae      0x177 ./Core/Src/main.o
 .debug_macro   0x000000000001f925      0x369 ./Core/Src/main.o
 .debug_macro   0x000000000001fc8e       0x10 ./Core/Src/main.o
 .debug_macro   0x000000000001fc9e       0x35 ./Core/Src/main.o
 .debug_macro   0x000000000001fcd3       0x20 ./Core/Src/main.o
 .debug_macro   0x000000000001fcf3      0x1d3 ./Core/Src/stm32f4xx_hal_msp.o
 .debug_macro   0x000000000001fec6      0x1dd ./Core/Src/stm32f4xx_it.o
 .debug_macro   0x00000000000200a3      0x1c4 ./Core/Src/system_stm32f4xx.o
 .debug_macro   0x0000000000020267      0x224 ./Drivers/STM32F4xx_HAL_Driver/Src/stm32f4xx_hal.o
 .debug_macro   0x000000000002048b      0x1c4 ./Drivers/STM32F4xx_HAL_Driver/Src/stm32f4xx_hal_cortex.o
 .debug_macro   0x000000000002064f      0x1c4 ./Drivers/STM32F4xx_HAL_Driver/Src/stm32f4xx_hal_crc.o
 .debug_macro   0x0000000000020813      0x1ca ./Drivers/STM32F4xx_HAL_Driver/Src/stm32f4xx_hal_flash.o
 .debug_macro   0x00000000000209dd      0x1ca ./Drivers/STM32F4xx_HAL_Driver/Src/stm32f4xx_hal_flash_ex.o
 .debug_macro   0x0000000000020ba7      0x1ca ./Drivers/STM32F4xx_HAL_Driver/Src/stm32f4xx_hal_gpio.o
 .debug_macro   0x0000000000020d71      0x1e8 ./Drivers/STM32F4xx_HAL_Driver/Src/stm32f4xx_hal_rcc.o
 .debug_macro   0x0000000000020f59      0x1c4 ./Drivers/STM32F4xx_HAL_Driver/Src/stm32f4xx_hal_rcc_ex.o
 .debug_macro   0x000000000002111d      0x1c5 ./Drivers/STM32F4xx_HAL_Driver/Src/stm32f4xx_hal_uart.o

.debug_line     0x0000000000000000     0xbb9e
 .debug_line    0x0000000000000000      0xbda ./Core/Src/BL.o
 .debug_line    0x0000000000000bda      0xa50 ./Core/Src/main.o
 .debug_line    0x000000000000162a      0x7b3 ./Core/Src/stm32f4xx_hal_msp.o
 .debug_line    0x0000000000001ddd      0x7ef ./Core/Src/stm32f4xx_it.o
 .debug_line    0x00000000000025cc      0x7ae ./Core/Src/system_stm32f4xx.o
 .debug_line    0x0000000000002d7a       0x7a ./Core/Startup/startup_stm32f446retx.o
 .debug_line    0x0000000000002df4      0xa14 ./Drivers/STM32F4xx_HAL_Driver/Src/stm32f4xx_hal.o
 .debug_line    0x0000000000003808      0xcc3 ./Drivers/STM32F4xx_HAL_Driver/Src/stm32f4xx_hal_cortex.o
 .debug_line    0x00000000000044cb      0x873 ./Drivers/STM32F4xx_HAL_Driver/Src/stm32f4xx_hal_crc.o
 .debug_line    0x0000000000004d3e      0xab3 ./Drivers/STM32F4xx_HAL_Driver/Src/stm32f4xx_hal_flash.o
 .debug_line    0x00000000000057f1      0xbb8 ./Drivers/STM32F4xx_HAL_Driver/Src/stm32f4xx_hal_flash_ex.o
 .debug_line    0x00000000000063a9      0xb74 ./Drivers/STM32F4xx_HAL_Driver/Src/stm32f4xx_hal_gpio.o
 .debug_line    0x0000000000006f1d      0xd99 ./Drivers/STM32F4xx_HAL_Driver/Src/stm32f4xx_hal_rcc.o
 .debug_line    0x0000000000007cb6     0x1432 ./Drivers/STM32F4xx_HAL_Driver/Src/stm32f4xx_hal_rcc_ex.o
 .debug_line    0x00000000000090e8     0x2ab6 ./Drivers/STM32F4xx_HAL_Driver/Src/stm32f4xx_hal_uart.o

.debug_str      0x0000000000000000    0xc86b2
 .debug_str     0x0000000000000000    0xc2edc ./Core/Src/BL.o
                                      0xc31d4 (size before relaxing)
 .debug_str     0x00000000000c2edc     0x355d ./Core/Src/main.o
                                      0xc5fc7 (size before relaxing)
 .debug_str     0x00000000000c6439       0xa5 ./Core/Src/stm32f4xx_hal_msp.o
                                      0xc294c (size before relaxing)
 .debug_str     0x00000000000c64de       0xc9 ./Core/Src/stm32f4xx_it.o
                                      0xc22da (size before relaxing)
 .debug_str     0x00000000000c65a7       0xdb ./Core/Src/system_stm32f4xx.o
                                      0xc2303 (size before relaxing)
 .debug_str     0x00000000000c6682       0x34 ./Core/Startup/startup_stm32f446retx.o
                                         0x92 (size before relaxing)
 .debug_str     0x00000000000c66b6      0xaca ./Drivers/STM32F4xx_HAL_Driver/Src/stm32f4xx_hal.o
                                      0xc2ec8 (size before relaxing)
 .debug_str     0x00000000000c7180      0x34d ./Drivers/STM32F4xx_HAL_Driver/Src/stm32f4xx_hal_cortex.o
                                      0xc2bd6 (size before relaxing)
 .debug_str     0x00000000000c74cd       0x8a ./Drivers/STM32F4xx_HAL_Driver/Src/stm32f4xx_hal_crc.o
                                      0xc230c (size before relaxing)
 .debug_str     0x00000000000c7557      0x23c ./Drivers/STM32F4xx_HAL_Driver/Src/stm32f4xx_hal_flash.o
                                      0xc24ce (size before relaxing)
 .debug_str     0x00000000000c7793      0x29c ./Drivers/STM32F4xx_HAL_Driver/Src/stm32f4xx_hal_flash_ex.o
                                      0xc25f1 (size before relaxing)
 .debug_str     0x00000000000c7a2f      0x10b ./Drivers/STM32F4xx_HAL_Driver/Src/stm32f4xx_hal_gpio.o
                                      0xc247e (size before relaxing)
 .debug_str     0x00000000000c7b3a      0x228 ./Drivers/STM32F4xx_HAL_Driver/Src/stm32f4xx_hal_rcc.o
                                      0xc273c (size before relaxing)
 .debug_str     0x00000000000c7d62      0x324 ./Drivers/STM32F4xx_HAL_Driver/Src/stm32f4xx_hal_rcc_ex.o
                                      0xc276f (size before relaxing)
 .debug_str     0x00000000000c8086      0x62c ./Drivers/STM32F4xx_HAL_Driver/Src/stm32f4xx_hal_uart.o
                                      0xc2cb1 (size before relaxing)

.debug_frame    0x0000000000000000     0x23d0
 .debug_frame   0x0000000000000000      0x2c4 ./Core/Src/BL.o
 .debug_frame   0x00000000000002c4      0x110 ./Core/Src/main.o
 .debug_frame   0x00000000000003d4       0xcc ./Core/Src/stm32f4xx_hal_msp.o
 .debug_frame   0x00000000000004a0      0x104 ./Core/Src/stm32f4xx_it.o
 .debug_frame   0x00000000000005a4       0x58 ./Core/Src/system_stm32f4xx.o
 .debug_frame   0x00000000000005fc      0x374 ./Drivers/STM32F4xx_HAL_Driver/Src/stm32f4xx_hal.o
 .debug_frame   0x0000000000000970      0x498 ./Drivers/STM32F4xx_HAL_Driver/Src/stm32f4xx_hal_cortex.o
 .debug_frame   0x0000000000000e08      0x120 ./Drivers/STM32F4xx_HAL_Driver/Src/stm32f4xx_hal_crc.o
 .debug_frame   0x0000000000000f28      0x274 ./Drivers/STM32F4xx_HAL_Driver/Src/stm32f4xx_hal_flash.o
 .debug_frame   0x000000000000119c      0x334 ./Drivers/STM32F4xx_HAL_Driver/Src/stm32f4xx_hal_flash_ex.o
 .debug_frame   0x00000000000014d0      0x14c ./Drivers/STM32F4xx_HAL_Driver/Src/stm32f4xx_hal_gpio.o
 .debug_frame   0x000000000000161c      0x1f4 ./Drivers/STM32F4xx_HAL_Driver/Src/stm32f4xx_hal_rcc.o
 .debug_frame   0x0000000000001810      0x1e8 ./Drivers/STM32F4xx_HAL_Driver/Src/stm32f4xx_hal_rcc_ex.o
 .debug_frame   0x00000000000019f8      0x92c ./Drivers/STM32F4xx_HAL_Driver/Src/stm32f4xx_hal_uart.o
 .debug_frame   0x0000000000002324       0x20 C:/ST/STM32CubeIDE_1.12.0/STM32CubeIDE/plugins/com.st.stm32cube.ide.mcu.externaltools.gnu-tools-for-stm32.11.3.rel1.win32_1.1.1.202309131626/tools/bin/../lib/gcc/arm-none-eabi/11.3.1/../../../../arm-none-eabi/lib/thumb/v7e-m+fp/hard\libc_nano.a(libc_a-memset.o)
 .debug_frame   0x0000000000002344       0x2c C:/ST/STM32CubeIDE_1.12.0/STM32CubeIDE/plugins/com.st.stm32cube.ide.mcu.externaltools.gnu-tools-for-stm32.11.3.rel1.win32_1.1.1.202309131626/tools/bin/../lib/gcc/arm-none-eabi/11.3.1/../../../../arm-none-eabi/lib/thumb/v7e-m+fp/hard\libc_nano.a(libc_a-init.o)
 .debug_frame   0x0000000000002370       0x2c C:/ST/STM32CubeIDE_1.12.0/STM32CubeIDE/plugins/com.st.stm32cube.ide.mcu.externaltools.gnu-tools-for-stm32.11.3.rel1.win32_1.1.1.202309131626/tools/bin/../lib/gcc/arm-none-eabi/11.3.1/thumb/v7e-m+fp/hard\libgcc.a(_aeabi_uldivmod.o)
 .debug_frame   0x000000000000239c       0x34 C:/ST/STM32CubeIDE_1.12.0/STM32CubeIDE/plugins/com.st.stm32cube.ide.mcu.externaltools.gnu-tools-for-stm32.11.3.rel1.win32_1.1.1.202309131626/tools/bin/../lib/gcc/arm-none-eabi/11.3.1/thumb/v7e-m+fp/hard\libgcc.a(_udivmoddi4.o)

.debug_line_str
                0x0000000000000000       0x86
 .debug_line_str
                0x0000000000000000       0x86 ./Core/Startup/startup_stm32f446retx.o
                                         0x9e (size before relaxing)
